Archive member included to satisfy reference by file (symbol)

C:\Users\jesmith\Documents\GitHub\nfc-soak-test\nhs3152\sdk\release_mra2_12_5_nhs3152\sw\nss\lib_board_dp\Debug\liblib_board_dp.a(board.o)
                              ./src/main.o (Board_Init)
C:\Users\jesmith\Documents\GitHub\nfc-soak-test\nhs3152\sdk\release_mra2_12_5_nhs3152\sw\nss\lib_board_dp\Debug\liblib_board_dp.a(led.o)
                              ./src/main.o (LED_On)
C:\Users\jesmith\Documents\GitHub\nfc-soak-test\nhs3152\sdk\release_mra2_12_5_nhs3152\sw\nss\lib_chip_nss\Debug\liblib_chip_nss.a(clock_nss.o)
                              ./src/main.o (Chip_Clock_System_BusyWait_ms)
C:\Users\jesmith\Documents\GitHub\nfc-soak-test\nhs3152\sdk\release_mra2_12_5_nhs3152\sw\nss\lib_chip_nss\Debug\liblib_chip_nss.a(eeprom_nss.o)
                              C:\Users\jesmith\Documents\GitHub\nfc-soak-test\nhs3152\sdk\release_mra2_12_5_nhs3152\sw\nss\lib_board_dp\Debug\liblib_board_dp.a(board.o) (Chip_EEPROM_Init)
C:\Users\jesmith\Documents\GitHub\nfc-soak-test\nhs3152\sdk\release_mra2_12_5_nhs3152\sw\nss\lib_chip_nss\Debug\liblib_chip_nss.a(flash_nss.o)
                              C:\Users\jesmith\Documents\GitHub\nfc-soak-test\nhs3152\sdk\release_mra2_12_5_nhs3152\sw\nss\lib_chip_nss\Debug\liblib_chip_nss.a(clock_nss.o) (Chip_Flash_GetHighPowerMode)
C:\Users\jesmith\Documents\GitHub\nfc-soak-test\nhs3152\sdk\release_mra2_12_5_nhs3152\sw\nss\lib_chip_nss\Debug\liblib_chip_nss.a(gpio_nss.o)
                              C:\Users\jesmith\Documents\GitHub\nfc-soak-test\nhs3152\sdk\release_mra2_12_5_nhs3152\sw\nss\lib_board_dp\Debug\liblib_board_dp.a(board.o) (Chip_GPIO_Init)
C:\Users\jesmith\Documents\GitHub\nfc-soak-test\nhs3152\sdk\release_mra2_12_5_nhs3152\sw\nss\lib_chip_nss\Debug\liblib_chip_nss.a(iocon_nss.o)
                              C:\Users\jesmith\Documents\GitHub\nfc-soak-test\nhs3152\sdk\release_mra2_12_5_nhs3152\sw\nss\lib_board_dp\Debug\liblib_board_dp.a(board.o) (Chip_IOCON_Init)
C:\Users\jesmith\Documents\GitHub\nfc-soak-test\nhs3152\sdk\release_mra2_12_5_nhs3152\sw\nss\lib_chip_nss\Debug\liblib_chip_nss.a(nfc_nss.o)
                              C:\Users\jesmith\Documents\GitHub\nfc-soak-test\nhs3152\sdk\release_mra2_12_5_nhs3152\sw\nss\lib_board_dp\Debug\liblib_board_dp.a(board.o) (Chip_NFC_Init)
C:\Users\jesmith\Documents\GitHub\nfc-soak-test\nhs3152\sdk\release_mra2_12_5_nhs3152\sw\nss\lib_chip_nss\Debug\liblib_chip_nss.a(rtc_nss.o)
                              C:\Users\jesmith\Documents\GitHub\nfc-soak-test\nhs3152\sdk\release_mra2_12_5_nhs3152\sw\nss\lib_board_dp\Debug\liblib_board_dp.a(board.o) (Chip_RTC_Init)
C:\Users\jesmith\Documents\GitHub\nfc-soak-test\nhs3152\sdk\release_mra2_12_5_nhs3152\sw\nss\lib_chip_nss\Debug\liblib_chip_nss.a(syscon_nss.o)
                              C:\Users\jesmith\Documents\GitHub\nfc-soak-test\nhs3152\sdk\release_mra2_12_5_nhs3152\sw\nss\lib_chip_nss\Debug\liblib_chip_nss.a(eeprom_nss.o) (Chip_SysCon_Peripheral_AssertReset)
C:\Users\jesmith\Documents\GitHub\nfc-soak-test\nhs3152\sdk\release_mra2_12_5_nhs3152\sw\nss\lib_chip_nss\Debug\liblib_chip_nss.a(startup.o)
                              (ResetISR)
C:\Users\jesmith\Documents\GitHub\nfc-soak-test\nhs3152\sdk\release_mra2_12_5_nhs3152\sw\nss\lib_chip_nss\Debug\liblib_chip_nss.a(bussync_nss.o)
                              C:\Users\jesmith\Documents\GitHub\nfc-soak-test\nhs3152\sdk\release_mra2_12_5_nhs3152\sw\nss\lib_chip_nss\Debug\liblib_chip_nss.a(rtc_nss.o) (Chip_BusSync_WriteReg)
c:/nxp/mcuxpressoide_10.2.1_795/ide/tools/bin/../lib/gcc/arm-none-eabi/7.2.1/../../../../arm-none-eabi/lib/thumb/v6-m\libcr_semihost.a(_cr__main.o)
                              C:\Users\jesmith\Documents\GitHub\nfc-soak-test\nhs3152\sdk\release_mra2_12_5_nhs3152\sw\nss\lib_chip_nss\Debug\liblib_chip_nss.a(startup.o) (__main)
c:/nxp/mcuxpressoide_10.2.1_795/ide/tools/bin/../lib/gcc/arm-none-eabi/7.2.1/../../../../arm-none-eabi/lib/thumb/v6-m\libcr_c.a(memcpy.o)
                              ./src/main.o (memcpy)
c:/nxp/mcuxpressoide_10.2.1_795/ide/tools/bin/../lib/gcc/arm-none-eabi/7.2.1/../../../../arm-none-eabi/lib/thumb/v6-m\libcr_c.a(memset.o)
                              ./src/main.o (memset)
c:/nxp/mcuxpressoide_10.2.1_795/ide/tools/bin/../lib/gcc/arm-none-eabi/7.2.1/../../../../arm-none-eabi/lib/thumb/v6-m\libcr_c.a(initio.o)
                              c:/nxp/mcuxpressoide_10.2.1_795/ide/tools/bin/../lib/gcc/arm-none-eabi/7.2.1/../../../../arm-none-eabi/lib/thumb/v6-m\libcr_semihost.a(_cr__main.o) (_initio)
c:/nxp/mcuxpressoide_10.2.1_795/ide/tools/bin/../lib/gcc/arm-none-eabi/7.2.1/../../../../arm-none-eabi/lib/thumb/v6-m\libcr_c.a(setvbuf.o)
                              c:/nxp/mcuxpressoide_10.2.1_795/ide/tools/bin/../lib/gcc/arm-none-eabi/7.2.1/../../../../arm-none-eabi/lib/thumb/v6-m\libcr_c.a(initio.o) (setvbuf)
[...]
Memory Configuration

Name             Origin             Length             Attributes
Flash_00         0x00000000         0x00007800         xr
RamLoc           0x10000000         0x00001ff0         xrw
*default*        0x00000000         0xffffffff

Linker script and memory map

LOAD ./src/crp.o
LOAD ./src/main.o
LOAD C:\Users\jesmith\Documents\GitHub\nfc-soak-test\nhs3152\sdk\release_mra2_12_5_nhs3152\sw\nss\lib_board_dp\Debug\liblib_board_dp.a
LOAD C:\Users\jesmith\Documents\GitHub\nfc-soak-test\nhs3152\sdk\release_mra2_12_5_nhs3152\sw\nss\lib_chip_nss\Debug\liblib_chip_nss.a
START GROUP
LOAD c:/nxp/mcuxpressoide_10.2.1_795/ide/tools/bin/../lib/gcc/arm-none-eabi/7.2.1/../../../../arm-none-eabi/lib/thumb/v6-m\libcr_semihost.a
LOAD c:/nxp/mcuxpressoide_10.2.1_795/ide/tools/bin/../lib/gcc/arm-none-eabi/7.2.1/../../../../arm-none-eabi/lib/thumb/v6-m\libcr_c.a
LOAD c:/nxp/mcuxpressoide_10.2.1_795/ide/tools/bin/../lib/gcc/arm-none-eabi/7.2.1/thumb/v6-m\libcr_eabihelpers.a
END GROUP
                0x00000000                __base_Flash_00 = 0x0
                0x00000000                __base_Flash = 0x0
                0x00007800                __top_Flash_00 = 0x7800
                0x00007800                __top_Flash = 0x7800
                0x10000000                __base_RamLoc = 0x10000000
                0x10000000                __base_RAM = 0x10000000
                0x10001ff0                __top_RamLoc = 0x10001ff0
                0x10001ff0                __top_RAM = 0x10001ff0

.text           0x00000000     0x1058
 FILL mask 0xff
                0x00000000                __vectors_start__ = ABSOLUTE (.)
 *(.isr_vector)
 .isr_vector    0x00000000       0xc0 C:\Users\jesmith\Documents\GitHub\nfc-soak-test\nhs3152\sdk\release_mra2_12_5_nhs3152\sw\nss\lib_chip_nss\Debug\liblib_chip_nss.a(startup.o)
                0x00000000                g_pfnVectors
                0x000000c0                . = ALIGN (0x4)
                0x000000c0                __section_table_start = .
                0x000000c0                __data_section_table = .
                0x000000c0        0x4 LONG 0x1058 LOADADDR (.data)
                0x000000c4        0x4 LONG 0x10000000 ADDR (.data)
                0x000000c8        0x4 LONG 0x1d8 SIZEOF (.data)
                0x000000cc                __data_section_table_end = .
                0x000000cc                __bss_section_table = .
                0x000000cc        0x4 LONG 0x100001d8 ADDR (.bss)
                0x000000d0        0x4 LONG 0x1ec SIZEOF (.bss)
                0x000000d4                __bss_section_table_end = .
                0x000000d4                __section_table_end = .
 *(.after_vectors*)
 .after_vectors
                0x000000d4       0x8c C:\Users\jesmith\Documents\GitHub\nfc-soak-test\nhs3152\sdk\release_mra2_12_5_nhs3152\sw\nss\lib_chip_nss\Debug\liblib_chip_nss.a(startup.o)
                0x000000fc                Startup_VarInit
                0x0000013c                ResetISR
                0x000002fc                . = 0x2fc
 *fill*         0x00000160      0x19c ff
                0x000002fc                PROVIDE (__CRP_WORD_START__, .)
 *(.crp)
 .crp           0x000002fc        0x4 ./src/crp.o
                0x000002fc                CRP_WORD
                0x00000300                PROVIDE (__CRP_WORD_END__, .)
                0x00000001                ASSERT (! ((__CRP_WORD_START__ == __CRP_WORD_END__)), Linker CRP Enabled, but no CRP_WORD provided within application)
 *(.text*)
 .text.GenerateNdef_Url
                0x00000300       0x60 ./src/main.o
 .text.GenerateNdef_TextMime
                0x00000360       0x8c ./src/main.o
 .text.ParseNdef
                0x000003ec       0x90 ./src/main.o
 .text.PIO0_IRQHandler
                0x0000047c       0x18 ./src/main.o
                0x0000047c                PIO0_IRQHandler
 .text.main     0x00000494       0xb4 ./src/main.o
                0x00000494                main
 .text.Board_Init
                0x00000548       0xe8 C:\Users\jesmith\Documents\GitHub\nfc-soak-test\nhs3152\sdk\release_mra2_12_5_nhs3152\sw\nss\lib_board_dp\Debug\liblib_board_dp.a(board.o)
                0x00000548                Board_Init
 .text.LED_SetState
                0x00000630       0x48 C:\Users\jesmith\Documents\GitHub\nfc-soak-test\nhs3152\sdk\release_mra2_12_5_nhs3152\sw\nss\lib_board_dp\Debug\liblib_board_dp.a(led.o)
                0x00000630                LED_SetState
 .text.LED_Off  0x00000678        0xa C:\Users\jesmith\Documents\GitHub\nfc-soak-test\nhs3152\sdk\release_mra2_12_5_nhs3152\sw\nss\lib_board_dp\Debug\liblib_board_dp.a(led.o)
                0x00000678                LED_Off
 *fill*         0x00000682        0x2 ff
 .text.LED_Init
                0x00000684       0x48 C:\Users\jesmith\Documents\GitHub\nfc-soak-test\nhs3152\sdk\release_mra2_12_5_nhs3152\sw\nss\lib_board_dp\Debug\liblib_board_dp.a(led.o)
                0x00000684                LED_Init
 .text.Chip_Clock_System_GetClockDiv
                0x000006cc       0x14 C:\Users\jesmith\Documents\GitHub\nfc-soak-test\nhs3152\sdk\release_mra2_12_5_nhs3152\sw\nss\lib_chip_nss\Debug\liblib_chip_nss.a(clock_nss.o)
                0x000006cc                Chip_Clock_System_GetClockDiv
 .text.Chip_Clock_System_GetClockFreq
                0x000006e0       0x14 C:\Users\jesmith\Documents\GitHub\nfc-soak-test\nhs3152\sdk\release_mra2_12_5_nhs3152\sw\nss\lib_chip_nss\Debug\liblib_chip_nss.a(clock_nss.o)
                0x000006e0                Chip_Clock_System_GetClockFreq
 .text.Chip_Clock_System_BusyWait_us
                0x000006f4       0x44 C:\Users\jesmith\Documents\GitHub\nfc-soak-test\nhs3152\sdk\release_mra2_12_5_nhs3152\sw\nss\lib_chip_nss\Debug\liblib_chip_nss.a(clock_nss.o)
                0x000006f4                Chip_Clock_System_BusyWait_us
 .text.Chip_Clock_System_BusyWait_ms
                0x00000738       0x34 C:\Users\jesmith\Documents\GitHub\nfc-soak-test\nhs3152\sdk\release_mra2_12_5_nhs3152\sw\nss\lib_chip_nss\Debug\liblib_chip_nss.a(clock_nss.o)
                0x00000738                Chip_Clock_System_BusyWait_ms
 .text.Chip_Clock_Peripheral_EnableClock
                0x0000076c       0x1c C:\Users\jesmith\Documents\GitHub\nfc-soak-test\nhs3152\sdk\release_mra2_12_5_nhs3152\sw\nss\lib_chip_nss\Debug\liblib_chip_nss.a(clock_nss.o)
                0x0000076c                Chip_Clock_Peripheral_EnableClock
 .text.Chip_EEPROM_Init
                0x00000788       0x5c C:\Users\jesmith\Documents\GitHub\nfc-soak-test\nhs3152\sdk\release_mra2_12_5_nhs3152\sw\nss\lib_chip_nss\Debug\liblib_chip_nss.a(eeprom_nss.o)
                0x00000788                Chip_EEPROM_Init
 .text.Chip_GPIO_Init
                0x000007e4        0xa C:\Users\jesmith\Documents\GitHub\nfc-soak-test\nhs3152\sdk\release_mra2_12_5_nhs3152\sw\nss\lib_chip_nss\Debug\liblib_chip_nss.a(gpio_nss.o)
                0x000007e4                Chip_GPIO_Init
 .text.Chip_IOCON_Init
                0x000007ee        0xc C:\Users\jesmith\Documents\GitHub\nfc-soak-test\nhs3152\sdk\release_mra2_12_5_nhs3152\sw\nss\lib_chip_nss\Debug\liblib_chip_nss.a(iocon_nss.o)
                0x000007ee                Chip_IOCON_Init
 .text.Chip_IOCON_UngroundAnabus
                0x000007fa        0xe C:\Users\jesmith\Documents\GitHub\nfc-soak-test\nhs3152\sdk\release_mra2_12_5_nhs3152\sw\nss\lib_chip_nss\Debug\liblib_chip_nss.a(iocon_nss.o)
                0x000007fa                Chip_IOCON_UngroundAnabus
 .text.Chip_IOCON_SetPinConfig
                0x00000808       0x28 C:\Users\jesmith\Documents\GitHub\nfc-soak-test\nhs3152\sdk\release_mra2_12_5_nhs3152\sw\nss\lib_chip_nss\Debug\liblib_chip_nss.a(iocon_nss.o)
                0x00000808                Chip_IOCON_SetPinConfig
 .text.Chip_NFC_Int_SetEnabledMask
                0x00000830        0x8 C:\Users\jesmith\Documents\GitHub\nfc-soak-test\nhs3152\sdk\release_mra2_12_5_nhs3152\sw\nss\lib_chip_nss\Debug\liblib_chip_nss.a(nfc_nss.o)
                0x00000830                Chip_NFC_Int_SetEnabledMask
 .text.Chip_NFC_Int_ClearRawStatus
                0x00000838       0x20 C:\Users\jesmith\Documents\GitHub\nfc-soak-test\nhs3152\sdk\release_mra2_12_5_nhs3152\sw\nss\lib_chip_nss\Debug\liblib_chip_nss.a(nfc_nss.o)
                0x00000838                Chip_NFC_Int_ClearRawStatus
 .text.Chip_NFC_Init
                0x00000858       0x2c C:\Users\jesmith\Documents\GitHub\nfc-soak-test\nhs3152\sdk\release_mra2_12_5_nhs3152\sw\nss\lib_chip_nss\Debug\liblib_chip_nss.a(nfc_nss.o)
                0x00000858                Chip_NFC_Init
 .text.Chip_RTC_Init
                0x00000884        0xc C:\Users\jesmith\Documents\GitHub\nfc-soak-test\nhs3152\sdk\release_mra2_12_5_nhs3152\sw\nss\lib_chip_nss\Debug\liblib_chip_nss.a(rtc_nss.o)
                0x00000884                Chip_RTC_Init
 .text.Chip_SysCon_Peripheral_AssertReset
                0x00000890       0x14 C:\Users\jesmith\Documents\GitHub\nfc-soak-test\nhs3152\sdk\release_mra2_12_5_nhs3152\sw\nss\lib_chip_nss\Debug\liblib_chip_nss.a(syscon_nss.o)
                0x00000890                Chip_SysCon_Peripheral_AssertReset
 .text.Chip_SysCon_Peripheral_DeassertReset
                0x000008a4       0x14 C:\Users\jesmith\Documents\GitHub\nfc-soak-test\nhs3152\sdk\release_mra2_12_5_nhs3152\sw\nss\lib_chip_nss\Debug\liblib_chip_nss.a(syscon_nss.o)
                0x000008a4                Chip_SysCon_Peripheral_DeassertReset
 .text.Chip_SysCon_Peripheral_EnablePower
                0x000008b8       0x18 C:\Users\jesmith\Documents\GitHub\nfc-soak-test\nhs3152\sdk\release_mra2_12_5_nhs3152\sw\nss\lib_chip_nss\Debug\liblib_chip_nss.a(syscon_nss.o)
                0x000008b8                Chip_SysCon_Peripheral_EnablePower
 .text.defaultIntHandler
                0x000008d0       0x1c C:\Users\jesmith\Documents\GitHub\nfc-soak-test\nhs3152\sdk\release_mra2_12_5_nhs3152\sw\nss\lib_chip_nss\Debug\liblib_chip_nss.a(startup.o)
                0x000008d0                NFC_IRQHandler
                0x000008d0                I2C0_IRQHandler
                0x000008d0                PMUBOD_IRQHandler
                0x000008d0                HardFault_Handler
                0x000008d0                SysTick_Handler
                0x000008d0                PendSV_Handler
                0x000008d0                NMI_Handler
                0x000008d0                CT16B0_IRQHandler
                0x000008d0                PIO0_8_IRQHandler
                0x000008d0                PIO0_4_IRQHandler
                0x000008d0                TSEN_IRQHandler
                0x000008d0                SSP0_IRQHandler
                0x000008d0                RTC_IRQHandler
                0x000008d0                PMUFLD_IRQHandler
                0x000008d0                PIO0_6_IRQHandler
                0x000008d0                PIO0_5_IRQHandler
                0x000008d0                PIO0_1_IRQHandler
                0x000008d0                ADC_IRQHandler
                0x000008d0                PIO0_3_IRQHandler
                0x000008d0                WDT_IRQHandler
                0x000008d0                SVC_Handler
                0x000008d0                PIO0_10_IRQHandler
                0x000008d0                PIO0_7_IRQHandler
                0x000008d0                CT32B0_IRQHandler
                0x000008d0                PIO0_0_IRQHandler
                0x000008d0                PIO0_2_IRQHandler
                0x000008d0                EEPROM_IRQHandler
                0x000008d0                RTCPWREQ_IRQHandler
                0x000008d0                RFFIELD_IRQHandler
                0x000008d0                C2D_IRQHandler
                0x000008d0                FLASH_IRQHandler
                0x000008d0                I2D_IRQHandler
                0x000008d0                PIO0_9_IRQHandler
 .text.__main   0x000008ec        0xc c:/nxp/mcuxpressoide_10.2.1_795/ide/tools/bin/../lib/gcc/arm-none-eabi/7.2.1/../../../../arm-none-eabi/lib/thumb/v6-m\libcr_semihost.a(_cr__main.o)
                0x000008ec                __CR_SEMIHOST
                0x000008ec                __main
 .text.memcpy   0x000008f8        0x8 c:/nxp/mcuxpressoide_10.2.1_795/ide/tools/bin/../lib/gcc/arm-none-eabi/7.2.1/../../../../arm-none-eabi/lib/thumb/v6-m\libcr_c.a(memcpy.o)
                0x000008f8                memcpy
 .text.memset   0x00000900        0x8 c:/nxp/mcuxpressoide_10.2.1_795/ide/tools/bin/../lib/gcc/arm-none-eabi/7.2.1/../../../../arm-none-eabi/lib/thumb/v6-m\libcr_c.a(memset.o)
                0x00000900                memset
 .text._initio  0x00000908       0x7c c:/nxp/mcuxpressoide_10.2.1_795/ide/tools/bin/../lib/gcc/arm-none-eabi/7.2.1/../../../../arm-none-eabi/lib/thumb/v6-m\libcr_c.a(initio.o)
                0x00000908                _initio
 .text.setvbuf  0x00000984       0x48 c:/nxp/mcuxpressoide_10.2.1_795/ide/tools/bin/../lib/gcc/arm-none-eabi/7.2.1/../../../../arm-none-eabi/lib/thumb/v6-m\libcr_c.a(setvbuf.o)
                0x00000984                setvbuf
 .text.strlen   0x000009cc       0x58 c:/nxp/mcuxpressoide_10.2.1_795/ide/tools/bin/../lib/gcc/arm-none-eabi/7.2.1/../../../../arm-none-eabi/lib/thumb/v6-m\libcr_c.a(strlen.o)
                0x000009cc                strlen
 .text._fdopen  0x00000a24       0x74 c:/nxp/mcuxpressoide_10.2.1_795/ide/tools/bin/../lib/gcc/arm-none-eabi/7.2.1/../../../../arm-none-eabi/lib/thumb/v6-m\libcr_c.a(_fdopen.o)
                0x00000a24                _fdopen
 .text.fclose   0x00000a98       0x5c c:/nxp/mcuxpressoide_10.2.1_795/ide/tools/bin/../lib/gcc/arm-none-eabi/7.2.1/../../../../arm-none-eabi/lib/thumb/v6-m\libcr_c.a(fclose.o)
                0x00000a98                fclose
 .text.fflush   0x00000af4       0x44 c:/nxp/mcuxpressoide_10.2.1_795/ide/tools/bin/../lib/gcc/arm-none-eabi/7.2.1/../../../../arm-none-eabi/lib/thumb/v6-m\libcr_c.a(fflush.o)
                0x00000af4                fflush
 .text.fseek    0x00000b38       0xf0 c:/nxp/mcuxpressoide_10.2.1_795/ide/tools/bin/../lib/gcc/arm-none-eabi/7.2.1/../../../../arm-none-eabi/lib/thumb/v6-m\libcr_c.a(fseek.o)
                0x00000b38                fseek
 .text.ftell    0x00000c28       0x48 c:/nxp/mcuxpressoide_10.2.1_795/ide/tools/bin/../lib/gcc/arm-none-eabi/7.2.1/../../../../arm-none-eabi/lib/thumb/v6-m\libcr_c.a(ftell.o)
                0x00000c28                ftell
 .text.remove   0x00000c70       0x12 c:/nxp/mcuxpressoide_10.2.1_795/ide/tools/bin/../lib/gcc/arm-none-eabi/7.2.1/../../../../arm-none-eabi/lib/thumb/v6-m\libcr_c.a(remove.o)
                0x00000c70                remove
 *fill*         0x00000c82        0x2 ff
 .text._do_fflush
                0x00000c84       0x44 c:/nxp/mcuxpressoide_10.2.1_795/ide/tools/bin/../lib/gcc/arm-none-eabi/7.2.1/../../../../arm-none-eabi/lib/thumb/v6-m\libcr_c.a(_do_fflush.o)
                0x00000c84                _do_fflush
 .text._fflush  0x00000cc8       0x5c c:/nxp/mcuxpressoide_10.2.1_795/ide/tools/bin/../lib/gcc/arm-none-eabi/7.2.1/../../../../arm-none-eabi/lib/thumb/v6-m\libcr_c.a(_fflush.o)
                0x00000cc8                _fflush
 .text._Cwritebuf
                0x00000d24       0x68 c:/nxp/mcuxpressoide_10.2.1_795/ide/tools/bin/../lib/gcc/arm-none-eabi/7.2.1/../../../../arm-none-eabi/lib/thumb/v6-m\libcr_c.a(_writebuf.o)
                0x00000d24                _Cwritebuf
 .text.free     0x00000d8c       0x2c c:/nxp/mcuxpressoide_10.2.1_795/ide/tools/bin/../lib/gcc/arm-none-eabi/7.2.1/../../../../arm-none-eabi/lib/thumb/v6-m\libcr_c.a(alloc.o)
                0x00000d8c                free
 .text._deferredlazyseek
                0x00000db8       0x40 c:/nxp/mcuxpressoide_10.2.1_795/ide/tools/bin/../lib/gcc/arm-none-eabi/7.2.1/../../../../arm-none-eabi/lib/thumb/v6-m\libcr_c.a(_deferredlazyseek.o)
                0x00000db8                _deferredlazyseek
 .text.__aeabi_division_idivmod
                0x00000df8       0x78 c:/nxp/mcuxpressoide_10.2.1_795/ide/tools/bin/../lib/gcc/arm-none-eabi/7.2.1/thumb/v6-m\libcr_eabihelpers.a(division_32.o)
                0x00000df8                __aeabi_idivmod
                0x00000df8                __aeabi_idiv
                0x00000dfe                __aeabi_uidivmod
                0x00000dfe                __aeabi_uidiv
 .text.__aeabi_division_idiv0
                0x00000e70        0x2 c:/nxp/mcuxpressoide_10.2.1_795/ide/tools/bin/../lib/gcc/arm-none-eabi/7.2.1/thumb/v6-m\libcr_eabihelpers.a(division_idiv0.o)
                0x00000e70                __aeabi_idiv0
 .text.__aeabi_memcpy
                0x00000e72       0x2c c:/nxp/mcuxpressoide_10.2.1_795/ide/tools/bin/../lib/gcc/arm-none-eabi/7.2.1/thumb/v6-m\libcr_eabihelpers.a(memcpy.o)
                0x00000e72                __aeabi_memcpy4
                0x00000e72                __aeabi_memcpy8
                0x00000e72                __aeabi_memcpy
 .text.__aeabi_memset_lowlevel
                0x00000e9e       0x2a c:/nxp/mcuxpressoide_10.2.1_795/ide/tools/bin/../lib/gcc/arm-none-eabi/7.2.1/thumb/v6-m\libcr_eabihelpers.a(memcpy.o)
                0x00000e9e                __aeabi_lowlevel_memset
 .text.__sys_close
                0x00000ec8        0xc c:/nxp/mcuxpressoide_10.2.1_795/ide/tools/bin/../lib/gcc/arm-none-eabi/7.2.1/../../../../arm-none-eabi/lib/thumb/v6-m\libcr_semihost.a(__sys_close.o)
                0x00000ec8                __sys_close
 .text.__sys_flen
                0x00000ed4        0xc c:/nxp/mcuxpressoide_10.2.1_795/ide/tools/bin/../lib/gcc/arm-none-eabi/7.2.1/../../../../arm-none-eabi/lib/thumb/v6-m\libcr_semihost.a(__sys_flen.o)
                0x00000ed4                __sys_flen
 .text.__sys_istty
                0x00000ee0        0xc c:/nxp/mcuxpressoide_10.2.1_795/ide/tools/bin/../lib/gcc/arm-none-eabi/7.2.1/../../../../arm-none-eabi/lib/thumb/v6-m\libcr_semihost.a(__sys_istty.o)
                0x00000ee0                __sys_istty
 .text.__sys_remove
                0x00000eec        0xc c:/nxp/mcuxpressoide_10.2.1_795/ide/tools/bin/../lib/gcc/arm-none-eabi/7.2.1/../../../../arm-none-eabi/lib/thumb/v6-m\libcr_semihost.a(__sys_remove.o)
                0x00000eec                __sys_remove
 .text.__sys_seek
                0x00000ef8        0xc c:/nxp/mcuxpressoide_10.2.1_795/ide/tools/bin/../lib/gcc/arm-none-eabi/7.2.1/../../../../arm-none-eabi/lib/thumb/v6-m\libcr_semihost.a(__sys_seek.o)
                0x00000ef8                __sys_seek
 .text.__sys_tmpnam
                0x00000f04        0xc c:/nxp/mcuxpressoide_10.2.1_795/ide/tools/bin/../lib/gcc/arm-none-eabi/7.2.1/../../../../arm-none-eabi/lib/thumb/v6-m\libcr_semihost.a(__sys_tmpnam.o)
                0x00000f04                __sys_tmpnam
 .text.__sys_write
                0x00000f10        0xc c:/nxp/mcuxpressoide_10.2.1_795/ide/tools/bin/../lib/gcc/arm-none-eabi/7.2.1/../../../../arm-none-eabi/lib/thumb/v6-m\libcr_semihost.a(__sys_write.o)
                0x00000f10                __sys_write
 *(.rodata .rodata.* .constdata .constdata.*)
 .rodata        0x00000f1c       0x24 ./src/main.o
 .rodata.sUrl   0x00000f40       0xef ./src/main.o
 *fill*         0x0000102f        0x1 ff
 .rodata.str1.4
                0x00001030       0x1c ./src/main.o
                                 0x1b (size before relaxing)
 .rodata.sLeds  0x0000104c        0x4 C:\Users\jesmith\Documents\GitHub\nfc-soak-test\nhs3152\sdk\release_mra2_12_5_nhs3152\sw\nss\lib_board_dp\Debug\liblib_board_dp.a(led.o)
 .rodata._initio.str1.1
                0x00001050        0x4 c:/nxp/mcuxpressoide_10.2.1_795/ide/tools/bin/../lib/gcc/arm-none-eabi/7.2.1/../../../../arm-none-eabi/lib/thumb/v6-m\libcr_c.a(initio.o)
 .rodata.__num_Ciob_streams
                0x00001054        0x4 c:/nxp/mcuxpressoide_10.2.1_795/ide/tools/bin/../lib/gcc/arm-none-eabi/7.2.1/../../../../arm-none-eabi/lib/thumb/v6-m\libcr_semihost.a(__ciob.o)
                0x00001054                __num_Ciob_streams
                0x00001058                . = ALIGN (0x4)

.glue_7         0x00001058        0x0
 .glue_7        0x00001058        0x0 linker stubs

.glue_7t        0x00001058        0x0
 .glue_7t       0x00001058        0x0 linker stubs

.vfp11_veneer   0x00001058        0x0
 .vfp11_veneer  0x00001058        0x0 linker stubs

.v4_bx          0x00001058        0x0
 .v4_bx         0x00001058        0x0 linker stubs

.iplt           0x00001058        0x0
 .iplt          0x00001058        0x0 ./src/crp.o

.rel.dyn        0x00001058        0x0
 .rel.iplt      0x00001058        0x0 ./src/crp.o

.ARM.extab
 *(.ARM.extab* .gnu.linkonce.armextab.*)
                0x00001058                __exidx_start = .

.ARM.exidx
 *(.ARM.exidx* .gnu.linkonce.armexidx.*)
                0x00001058                __exidx_end = .
                0x00001058                _etext = .

.uninit_RESERVED
                0x10000000        0x0
 *(.bss.$RESERVED*)
                0x10000000                . = ALIGN (0x4)
                0x10000000                _end_uninit_RESERVED = .

.data           0x10000000      0x1d8 load address 0x00001058
 FILL mask 0xff
                0x10000000                _data = .
 *(vtable)
 *(.ramfunc*)
 *(.data*)
 .data.sBytes   0x10000000       0xea ./src/main.o
 .data.sFieldPresent
                0x100000ea        0x1 ./src/main.o
 *fill*         0x100000eb        0x1 ff
 .data.sText    0x100000ec       0xea ./src/main.o
                0x100001d8                . = ALIGN (0x4)
 *fill*         0x100001d6        0x2 ff
                0x100001d8                _edata = .

.igot.plt       0x100001d8        0x0 load address 0x00001230
 .igot.plt      0x100001d8        0x0 ./src/crp.o

.bss            0x100001d8      0x1ec load address 0x00001230
                0x100001d8                _bss = .
 *(.bss*)
 .bss.sButtonPressed
                0x100001d8        0x1 ./src/main.o
 .bss.sMsgAvailable
                0x100001d9        0x1 ./src/main.o
 .bss.sState    0x100001da        0x1 ./src/main.o
 *fill*         0x100001db        0x1 
 .bss.stickyMEM_WRITE
                0x100001dc        0x4 C:\Users\jesmith\Documents\GitHub\nfc-soak-test\nhs3152\sdk\release_mra2_12_5_nhs3152\sw\nss\lib_chip_nss\Debug\liblib_chip_nss.a(nfc_nss.o)
 .bss.errno     0x100001e0        0x4 c:/nxp/mcuxpressoide_10.2.1_795/ide/tools/bin/../lib/gcc/arm-none-eabi/7.2.1/../../../../arm-none-eabi/lib/thumb/v6-m\libcr_c.a(errno.o)
                0x100001e0                errno
 .bss.__Ciob    0x100001e4      0x1e0 c:/nxp/mcuxpressoide_10.2.1_795/ide/tools/bin/../lib/gcc/arm-none-eabi/7.2.1/../../../../arm-none-eabi/lib/thumb/v6-m\libcr_semihost.a(__ciob.o)
                0x100001e4                __Ciob
 *(COMMON)
                0x100003c4                . = ALIGN (0x4)
                0x100003c4                _ebss = .
                [!provide]                PROVIDE (end, .)

.noinit         0x100003c4       0x44 load address 0x00001230
                0x100003c4                _noinit = .
 *(.noinit*)
 .noinit        0x100003c4       0x44 C:\Users\jesmith\Documents\GitHub\nfc-soak-test\nhs3152\sdk\release_mra2_12_5_nhs3152\sw\nss\lib_chip_nss\Debug\liblib_chip_nss.a(eeprom_nss.o)
                0x10000408                . = ALIGN (0x4)
                0x10000408                _end_noinit = .
                0x10000408                PROVIDE (_pvHeapStart, DEFINED (__user_heap_base)?__user_heap_base:.)
                0x10001ff0                PROVIDE (_vStackTop, DEFINED (__user_stack_top)?__user_stack_top:(__top_RamLoc - 0x0))
                0x00000000                _image_start = LOADADDR (.text)
                0x00001230                _image_end = (LOADADDR (.data) + SIZEOF (.data))
                0x00001230                _image_size = (_image_end - _image_start)
OUTPUT(app_open_nfc_resistance.axf elf32-littlearm)

.debug_info     0x00000000     0x4ec7
 .debug_info    0x00000000       0x3f ./src/crp.o
 .debug_info    0x0000003f      0xc9f ./src/main.o
 .debug_info    0x00000cde      0x7a9 C:\Users\jesmith\Documents\GitHub\nfc-soak-test\nhs3152\sdk\release_mra2_12_5_nhs3152\sw\nss\lib_board_dp\Debug\liblib_board_dp.a(board.o)
 .debug_info    0x00001487      0x610 C:\Users\jesmith\Documents\GitHub\nfc-soak-test\nhs3152\sdk\release_mra2_12_5_nhs3152\sw\nss\lib_board_dp\Debug\liblib_board_dp.a(led.o)
 .debug_info    0x00001a97      0x7df C:\Users\jesmith\Documents\GitHub\nfc-soak-test\nhs3152\sdk\release_mra2_12_5_nhs3152\sw\nss\lib_chip_nss\Debug\liblib_chip_nss.a(clock_nss.o)
 .debug_info    0x00002276      0x814 C:\Users\jesmith\Documents\GitHub\nfc-soak-test\nhs3152\sdk\release_mra2_12_5_nhs3152\sw\nss\lib_chip_nss\Debug\liblib_chip_nss.a(eeprom_nss.o)
 .debug_info    0x00002a8a      0x792 C:\Users\jesmith\Documents\GitHub\nfc-soak-test\nhs3152\sdk\release_mra2_12_5_nhs3152\sw\nss\lib_chip_nss\Debug\liblib_chip_nss.a(gpio_nss.o)
 .debug_info    0x0000321c      0x509 C:\Users\jesmith\Documents\GitHub\nfc-soak-test\nhs3152\sdk\release_mra2_12_5_nhs3152\sw\nss\lib_chip_nss\Debug\liblib_chip_nss.a(iocon_nss.o)
 .debug_info    0x00003725      0x599 C:\Users\jesmith\Documents\GitHub\nfc-soak-test\nhs3152\sdk\release_mra2_12_5_nhs3152\sw\nss\lib_chip_nss\Debug\liblib_chip_nss.a(nfc_nss.o)
 .debug_info    0x00003cbe      0x81b C:\Users\jesmith\Documents\GitHub\nfc-soak-test\nhs3152\sdk\release_mra2_12_5_nhs3152\sw\nss\lib_chip_nss\Debug\liblib_chip_nss.a(rtc_nss.o)
 .debug_info    0x000044d9      0x660 C:\Users\jesmith\Documents\GitHub\nfc-soak-test\nhs3152\sdk\release_mra2_12_5_nhs3152\sw\nss\lib_chip_nss\Debug\liblib_chip_nss.a(syscon_nss.o)
 .debug_info    0x00004b39      0x38e C:\Users\jesmith\Documents\GitHub\nfc-soak-test\nhs3152\sdk\release_mra2_12_5_nhs3152\sw\nss\lib_chip_nss\Debug\liblib_chip_nss.a(startup.o)

.debug_abbrev   0x00000000     0x1488
 .debug_abbrev  0x00000000       0x36 ./src/crp.o
 .debug_abbrev  0x00000036      0x2e6 ./src/main.o
 .debug_abbrev  0x0000031c      0x152 C:\Users\jesmith\Documents\GitHub\nfc-soak-test\nhs3152\sdk\release_mra2_12_5_nhs3152\sw\nss\lib_board_dp\Debug\liblib_board_dp.a(board.o)
 .debug_abbrev  0x0000046e      0x23d C:\Users\jesmith\Documents\GitHub\nfc-soak-test\nhs3152\sdk\release_mra2_12_5_nhs3152\sw\nss\lib_board_dp\Debug\liblib_board_dp.a(led.o)
 .debug_abbrev  0x000006ab      0x222 C:\Users\jesmith\Documents\GitHub\nfc-soak-test\nhs3152\sdk\release_mra2_12_5_nhs3152\sw\nss\lib_chip_nss\Debug\liblib_chip_nss.a(clock_nss.o)
 .debug_abbrev  0x000008cd      0x22c C:\Users\jesmith\Documents\GitHub\nfc-soak-test\nhs3152\sdk\release_mra2_12_5_nhs3152\sw\nss\lib_chip_nss\Debug\liblib_chip_nss.a(eeprom_nss.o)
 .debug_abbrev  0x00000af9      0x203 C:\Users\jesmith\Documents\GitHub\nfc-soak-test\nhs3152\sdk\release_mra2_12_5_nhs3152\sw\nss\lib_chip_nss\Debug\liblib_chip_nss.a(gpio_nss.o)
 .debug_abbrev  0x00000cfc      0x170 C:\Users\jesmith\Documents\GitHub\nfc-soak-test\nhs3152\sdk\release_mra2_12_5_nhs3152\sw\nss\lib_chip_nss\Debug\liblib_chip_nss.a(iocon_nss.o)
 .debug_abbrev  0x00000e6c      0x199 C:\Users\jesmith\Documents\GitHub\nfc-soak-test\nhs3152\sdk\release_mra2_12_5_nhs3152\sw\nss\lib_chip_nss\Debug\liblib_chip_nss.a(nfc_nss.o)
 .debug_abbrev  0x00001005      0x175 C:\Users\jesmith\Documents\GitHub\nfc-soak-test\nhs3152\sdk\release_mra2_12_5_nhs3152\sw\nss\lib_chip_nss\Debug\liblib_chip_nss.a(rtc_nss.o)
 .debug_abbrev  0x0000117a      0x181 C:\Users\jesmith\Documents\GitHub\nfc-soak-test\nhs3152\sdk\release_mra2_12_5_nhs3152\sw\nss\lib_chip_nss\Debug\liblib_chip_nss.a(syscon_nss.o)
 .debug_abbrev  0x000012fb      0x18d C:\Users\jesmith\Documents\GitHub\nfc-soak-test\nhs3152\sdk\release_mra2_12_5_nhs3152\sw\nss\lib_chip_nss\Debug\liblib_chip_nss.a(startup.o)

.debug_aranges  0x00000000      0x478
 .debug_aranges
                0x00000000       0x18 ./src/crp.o
 .debug_aranges
                0x00000018       0x50 ./src/main.o
 .debug_aranges
                0x00000068       0x20 C:\Users\jesmith\Documents\GitHub\nfc-soak-test\nhs3152\sdk\release_mra2_12_5_nhs3152\sw\nss\lib_board_dp\Debug\liblib_board_dp.a(board.o)
 .debug_aranges
                0x00000088       0x48 C:\Users\jesmith\Documents\GitHub\nfc-soak-test\nhs3152\sdk\release_mra2_12_5_nhs3152\sw\nss\lib_board_dp\Debug\liblib_board_dp.a(led.o)
 .debug_aranges
                0x000000d0       0xc8 C:\Users\jesmith\Documents\GitHub\nfc-soak-test\nhs3152\sdk\release_mra2_12_5_nhs3152\sw\nss\lib_chip_nss\Debug\liblib_chip_nss.a(clock_nss.o)
 .debug_aranges
                0x00000198       0x58 C:\Users\jesmith\Documents\GitHub\nfc-soak-test\nhs3152\sdk\release_mra2_12_5_nhs3152\sw\nss\lib_chip_nss\Debug\liblib_chip_nss.a(eeprom_nss.o)
 .debug_aranges
                0x000001f0       0x40 C:\Users\jesmith\Documents\GitHub\nfc-soak-test\nhs3152\sdk\release_mra2_12_5_nhs3152\sw\nss\lib_chip_nss\Debug\liblib_chip_nss.a(gpio_nss.o)
 .debug_aranges
                0x00000230       0x58 C:\Users\jesmith\Documents\GitHub\nfc-soak-test\nhs3152\sdk\release_mra2_12_5_nhs3152\sw\nss\lib_chip_nss\Debug\liblib_chip_nss.a(iocon_nss.o)
 .debug_aranges
                0x00000288       0x78 C:\Users\jesmith\Documents\GitHub\nfc-soak-test\nhs3152\sdk\release_mra2_12_5_nhs3152\sw\nss\lib_chip_nss\Debug\liblib_chip_nss.a(nfc_nss.o)
 .debug_aranges
                0x00000300       0x98 C:\Users\jesmith\Documents\GitHub\nfc-soak-test\nhs3152\sdk\release_mra2_12_5_nhs3152\sw\nss\lib_chip_nss\Debug\liblib_chip_nss.a(rtc_nss.o)
 .debug_aranges
                0x00000398       0xa0 C:\Users\jesmith\Documents\GitHub\nfc-soak-test\nhs3152\sdk\release_mra2_12_5_nhs3152\sw\nss\lib_chip_nss\Debug\liblib_chip_nss.a(syscon_nss.o)
 .debug_aranges
                0x00000438       0x40 C:\Users\jesmith\Documents\GitHub\nfc-soak-test\nhs3152\sdk\release_mra2_12_5_nhs3152\sw\nss\lib_chip_nss\Debug\liblib_chip_nss.a(startup.o)

.debug_macro    0x00000000     0x33f7
 .debug_macro   0x00000000       0x30 ./src/crp.o
 .debug_macro   0x00000030      0xa4e ./src/crp.o
 .debug_macro   0x00000a7e       0x1c ./src/crp.o
 .debug_macro   0x00000a9a       0x16 ./src/crp.o
 .debug_macro   0x00000ab0       0x34 ./src/crp.o
 .debug_macro   0x00000ae4      0x215 ./src/main.o
 .debug_macro   0x00000cf9       0x10 ./src/main.o
 .debug_macro   0x00000d09      0x12d ./src/main.o
 .debug_macro   0x00000e36       0x22 ./src/main.o
 .debug_macro   0x00000e58       0x9a ./src/main.o
 .debug_macro   0x00000ef2      0x5b2 ./src/main.o
 .debug_macro   0x000014a4       0x22 ./src/main.o
 .debug_macro   0x000014c6       0x10 ./src/main.o
 .debug_macro   0x000014d6       0x22 ./src/main.o
 .debug_macro   0x000014f8       0x3a ./src/main.o
 .debug_macro   0x00001532      0x241 ./src/main.o
 .debug_macro   0x00001773      0x12a ./src/main.o
 .debug_macro   0x0000189d       0x10 ./src/main.o
 .debug_macro   0x000018ad       0xdc ./src/main.o
 .debug_macro   0x00001989       0x26 ./src/main.o
 .debug_macro   0x000019af       0x96 ./src/main.o
 .debug_macro   0x00001a45       0x3b ./src/main.o
 .debug_macro   0x00001a80       0x28 ./src/main.o
 .debug_macro   0x00001aa8       0x1c ./src/main.o
 .debug_macro   0x00001ac4       0x10 ./src/main.o
 .debug_macro   0x00001ad4       0x58 ./src/main.o
 .debug_macro   0x00001b2c       0x16 ./src/main.o
 .debug_macro   0x00001b42       0x2e ./src/main.o
 .debug_macro   0x00001b70      0x1a4 C:\Users\jesmith\Documents\GitHub\nfc-soak-test\nhs3152\sdk\release_mra2_12_5_nhs3152\sw\nss\lib_board_dp\Debug\liblib_board_dp.a(board.o)
 .debug_macro   0x00001d14      0xa4e C:\Users\jesmith\Documents\GitHub\nfc-soak-test\nhs3152\sdk\release_mra2_12_5_nhs3152\sw\nss\lib_board_dp\Debug\liblib_board_dp.a(board.o)
 .debug_macro   0x00002762       0x16 C:\Users\jesmith\Documents\GitHub\nfc-soak-test\nhs3152\sdk\release_mra2_12_5_nhs3152\sw\nss\lib_board_dp\Debug\liblib_board_dp.a(board.o)
 .debug_macro   0x00002778      0x18c C:\Users\jesmith\Documents\GitHub\nfc-soak-test\nhs3152\sdk\release_mra2_12_5_nhs3152\sw\nss\lib_board_dp\Debug\liblib_board_dp.a(led.o)
 .debug_macro   0x00002904      0x16a C:\Users\jesmith\Documents\GitHub\nfc-soak-test\nhs3152\sdk\release_mra2_12_5_nhs3152\sw\nss\lib_chip_nss\Debug\liblib_chip_nss.a(clock_nss.o)
 .debug_macro   0x00002a6e      0x196 C:\Users\jesmith\Documents\GitHub\nfc-soak-test\nhs3152\sdk\release_mra2_12_5_nhs3152\sw\nss\lib_chip_nss\Debug\liblib_chip_nss.a(eeprom_nss.o)
 .debug_macro   0x00002c04      0x16a C:\Users\jesmith\Documents\GitHub\nfc-soak-test\nhs3152\sdk\release_mra2_12_5_nhs3152\sw\nss\lib_chip_nss\Debug\liblib_chip_nss.a(gpio_nss.o)
 .debug_macro   0x00002d6e      0x16a C:\Users\jesmith\Documents\GitHub\nfc-soak-test\nhs3152\sdk\release_mra2_12_5_nhs3152\sw\nss\lib_chip_nss\Debug\liblib_chip_nss.a(iocon_nss.o)
 .debug_macro   0x00002ed8      0x190 C:\Users\jesmith\Documents\GitHub\nfc-soak-test\nhs3152\sdk\release_mra2_12_5_nhs3152\sw\nss\lib_chip_nss\Debug\liblib_chip_nss.a(nfc_nss.o)
 .debug_macro   0x00003068      0x176 C:\Users\jesmith\Documents\GitHub\nfc-soak-test\nhs3152\sdk\release_mra2_12_5_nhs3152\sw\nss\lib_chip_nss\Debug\liblib_chip_nss.a(rtc_nss.o)
 .debug_macro   0x000031de      0x17c C:\Users\jesmith\Documents\GitHub\nfc-soak-test\nhs3152\sdk\release_mra2_12_5_nhs3152\sw\nss\lib_chip_nss\Debug\liblib_chip_nss.a(syscon_nss.o)
 .debug_macro   0x0000335a       0x9d C:\Users\jesmith\Documents\GitHub\nfc-soak-test\nhs3152\sdk\release_mra2_12_5_nhs3152\sw\nss\lib_chip_nss\Debug\liblib_chip_nss.a(startup.o)

.debug_line     0x00000000     0x3881
 .debug_line    0x00000000      0x1d1 ./src/crp.o
 .debug_line    0x000001d1      0x6ba ./src/main.o
 .debug_line    0x0000088b      0x568 C:\Users\jesmith\Documents\GitHub\nfc-soak-test\nhs3152\sdk\release_mra2_12_5_nhs3152\sw\nss\lib_board_dp\Debug\liblib_board_dp.a(board.o)
 .debug_line    0x00000df3      0x5a1 C:\Users\jesmith\Documents\GitHub\nfc-soak-test\nhs3152\sdk\release_mra2_12_5_nhs3152\sw\nss\lib_board_dp\Debug\liblib_board_dp.a(led.o)
 .debug_line    0x00001394      0x5ad C:\Users\jesmith\Documents\GitHub\nfc-soak-test\nhs3152\sdk\release_mra2_12_5_nhs3152\sw\nss\lib_chip_nss\Debug\liblib_chip_nss.a(clock_nss.o)
 .debug_line    0x00001941      0x4d7 C:\Users\jesmith\Documents\GitHub\nfc-soak-test\nhs3152\sdk\release_mra2_12_5_nhs3152\sw\nss\lib_chip_nss\Debug\liblib_chip_nss.a(eeprom_nss.o)
 .debug_line    0x00001e18      0x450 C:\Users\jesmith\Documents\GitHub\nfc-soak-test\nhs3152\sdk\release_mra2_12_5_nhs3152\sw\nss\lib_chip_nss\Debug\liblib_chip_nss.a(gpio_nss.o)
 .debug_line    0x00002268      0x435 C:\Users\jesmith\Documents\GitHub\nfc-soak-test\nhs3152\sdk\release_mra2_12_5_nhs3152\sw\nss\lib_chip_nss\Debug\liblib_chip_nss.a(iocon_nss.o)
 .debug_line    0x0000269d      0x4a8 C:\Users\jesmith\Documents\GitHub\nfc-soak-test\nhs3152\sdk\release_mra2_12_5_nhs3152\sw\nss\lib_chip_nss\Debug\liblib_chip_nss.a(nfc_nss.o)
 .debug_line    0x00002b45      0x4c5 C:\Users\jesmith\Documents\GitHub\nfc-soak-test\nhs3152\sdk\release_mra2_12_5_nhs3152\sw\nss\lib_chip_nss\Debug\liblib_chip_nss.a(rtc_nss.o)
 .debug_line    0x0000300a      0x4fb C:\Users\jesmith\Documents\GitHub\nfc-soak-test\nhs3152\sdk\release_mra2_12_5_nhs3152\sw\nss\lib_chip_nss\Debug\liblib_chip_nss.a(syscon_nss.o)
 .debug_line    0x00003505      0x37c C:\Users\jesmith\Documents\GitHub\nfc-soak-test\nhs3152\sdk\release_mra2_12_5_nhs3152\sw\nss\lib_chip_nss\Debug\liblib_chip_nss.a(startup.o)

.debug_str      0x00000000     0x96b3
 .debug_str     0x00000000     0x2deb ./src/crp.o
                               0x2df8 (size before relaxing)
 .debug_str     0x00002deb     0x47b1 ./src/main.o
                               0x7573 (size before relaxing)
 .debug_str     0x0000759c      0x20c C:\Users\jesmith\Documents\GitHub\nfc-soak-test\nhs3152\sdk\release_mra2_12_5_nhs3152\sw\nss\lib_board_dp\Debug\liblib_board_dp.a(board.o)
                               0x6aaa (size before relaxing)
 .debug_str     0x000077a8      0x275 C:\Users\jesmith\Documents\GitHub\nfc-soak-test\nhs3152\sdk\release_mra2_12_5_nhs3152\sw\nss\lib_board_dp\Debug\liblib_board_dp.a(led.o)
                               0x68b3 (size before relaxing)
 .debug_str     0x00007a1d      0x72c C:\Users\jesmith\Documents\GitHub\nfc-soak-test\nhs3152\sdk\release_mra2_12_5_nhs3152\sw\nss\lib_chip_nss\Debug\liblib_chip_nss.a(clock_nss.o)
                               0x6c11 (size before relaxing)
 .debug_str     0x00008149      0x385 C:\Users\jesmith\Documents\GitHub\nfc-soak-test\nhs3152\sdk\release_mra2_12_5_nhs3152\sw\nss\lib_chip_nss\Debug\liblib_chip_nss.a(eeprom_nss.o)
                               0x6bc0 (size before relaxing)
 .debug_str     0x000084ce      0x1f1 C:\Users\jesmith\Documents\GitHub\nfc-soak-test\nhs3152\sdk\release_mra2_12_5_nhs3152\sw\nss\lib_chip_nss\Debug\liblib_chip_nss.a(gpio_nss.o)
                               0x690b (size before relaxing)
 .debug_str     0x000086bf      0x2d3 C:\Users\jesmith\Documents\GitHub\nfc-soak-test\nhs3152\sdk\release_mra2_12_5_nhs3152\sw\nss\lib_chip_nss\Debug\liblib_chip_nss.a(iocon_nss.o)
                               0x6b27 (size before relaxing)
 .debug_str     0x00008992      0x326 C:\Users\jesmith\Documents\GitHub\nfc-soak-test\nhs3152\sdk\release_mra2_12_5_nhs3152\sw\nss\lib_chip_nss\Debug\liblib_chip_nss.a(nfc_nss.o)
                               0x68a1 (size before relaxing)
 .debug_str     0x00008cb8      0x369 C:\Users\jesmith\Documents\GitHub\nfc-soak-test\nhs3152\sdk\release_mra2_12_5_nhs3152\sw\nss\lib_chip_nss\Debug\liblib_chip_nss.a(rtc_nss.o)
                               0x6a5f (size before relaxing)
 .debug_str     0x00009021      0x4d2 C:\Users\jesmith\Documents\GitHub\nfc-soak-test\nhs3152\sdk\release_mra2_12_5_nhs3152\sw\nss\lib_chip_nss\Debug\liblib_chip_nss.a(syscon_nss.o)
                               0x6cfe (size before relaxing)
 .debug_str     0x000094f3      0x1c0 C:\Users\jesmith\Documents\GitHub\nfc-soak-test\nhs3152\sdk\release_mra2_12_5_nhs3152\sw\nss\lib_chip_nss\Debug\liblib_chip_nss.a(startup.o)
                               0x54ab (size before relaxing)

.comment        0x00000000       0x7e
 .comment       0x00000000       0x7e ./src/crp.o
                                 0x7f (size before relaxing)
 .comment       0x0000007e       0x7f ./src/main.o
 .comment       0x0000007e       0x7f C:\Users\jesmith\Documents\GitHub\nfc-soak-test\nhs3152\sdk\release_mra2_12_5_nhs3152\sw\nss\lib_board_dp\Debug\liblib_board_dp.a(board.o)
 .comment       0x0000007e       0x7f C:\Users\jesmith\Documents\GitHub\nfc-soak-test\nhs3152\sdk\release_mra2_12_5_nhs3152\sw\nss\lib_board_dp\Debug\liblib_board_dp.a(led.o)
 .comment       0x0000007e       0x7f C:\Users\jesmith\Documents\GitHub\nfc-soak-test\nhs3152\sdk\release_mra2_12_5_nhs3152\sw\nss\lib_chip_nss\Debug\liblib_chip_nss.a(clock_nss.o)
 .comment       0x0000007e       0x7f C:\Users\jesmith\Documents\GitHub\nfc-soak-test\nhs3152\sdk\release_mra2_12_5_nhs3152\sw\nss\lib_chip_nss\Debug\liblib_chip_nss.a(eeprom_nss.o)
 .comment       0x0000007e       0x7f C:\Users\jesmith\Documents\GitHub\nfc-soak-test\nhs3152\sdk\release_mra2_12_5_nhs3152\sw\nss\lib_chip_nss\Debug\liblib_chip_nss.a(gpio_nss.o)
 .comment       0x0000007e       0x7f C:\Users\jesmith\Documents\GitHub\nfc-soak-test\nhs3152\sdk\release_mra2_12_5_nhs3152\sw\nss\lib_chip_nss\Debug\liblib_chip_nss.a(iocon_nss.o)
 .comment       0x0000007e       0x7f C:\Users\jesmith\Documents\GitHub\nfc-soak-test\nhs3152\sdk\release_mra2_12_5_nhs3152\sw\nss\lib_chip_nss\Debug\liblib_chip_nss.a(nfc_nss.o)
 .comment       0x0000007e       0x7f C:\Users\jesmith\Documents\GitHub\nfc-soak-test\nhs3152\sdk\release_mra2_12_5_nhs3152\sw\nss\lib_chip_nss\Debug\liblib_chip_nss.a(rtc_nss.o)
 .comment       0x0000007e       0x7f C:\Users\jesmith\Documents\GitHub\nfc-soak-test\nhs3152\sdk\release_mra2_12_5_nhs3152\sw\nss\lib_chip_nss\Debug\liblib_chip_nss.a(syscon_nss.o)
 .comment       0x0000007e       0x7f C:\Users\jesmith\Documents\GitHub\nfc-soak-test\nhs3152\sdk\release_mra2_12_5_nhs3152\sw\nss\lib_chip_nss\Debug\liblib_chip_nss.a(startup.o)
 .comment       0x0000007e       0x7f c:/nxp/mcuxpressoide_10.2.1_795/ide/tools/bin/../lib/gcc/arm-none-eabi/7.2.1/../../../../arm-none-eabi/lib/thumb/v6-m\libcr_semihost.a(_cr__main.o)
 .comment       0x0000007e       0x7f c:/nxp/mcuxpressoide_10.2.1_795/ide/tools/bin/../lib/gcc/arm-none-eabi/7.2.1/../../../../arm-none-eabi/lib/thumb/v6-m\libcr_c.a(memcpy.o)
 .comment       0x0000007e       0x7f c:/nxp/mcuxpressoide_10.2.1_795/ide/tools/bin/../lib/gcc/arm-none-eabi/7.2.1/../../../../arm-none-eabi/lib/thumb/v6-m\libcr_c.a(memset.o)
 .comment       0x0000007e       0x7f c:/nxp/mcuxpressoide_10.2.1_795/ide/tools/bin/../lib/gcc/arm-none-eabi/7.2.1/../../../../arm-none-eabi/lib/thumb/v6-m\libcr_c.a(initio.o)
 .comment       0x0000007e       0x7f c:/nxp/mcuxpressoide_10.2.1_795/ide/tools/bin/../lib/gcc/arm-none-eabi/7.2.1/../../../../arm-none-eabi/lib/thumb/v6-m\libcr_c.a(setvbuf.o)
 .comment       0x0000007e       0x7f c:/nxp/mcuxpressoide_10.2.1_795/ide/tools/bin/../lib/gcc/arm-none-eabi/7.2.1/../../../../arm-none-eabi/lib/thumb/v6-m\libcr_c.a(strlen.o)
 .comment       0x0000007e       0x7f c:/nxp/mcuxpressoide_10.2.1_795/ide/tools/bin/../lib/gcc/arm-none-eabi/7.2.1/../../../../arm-none-eabi/lib/thumb/v6-m\libcr_c.a(_fdopen.o)
 .comment       0x0000007e       0x7f c:/nxp/mcuxpressoide_10.2.1_795/ide/tools/bin/../lib/gcc/arm-none-eabi/7.2.1/../../../../arm-none-eabi/lib/thumb/v6-m\libcr_c.a(fclose.o)
 .comment       0x0000007e       0x7f c:/nxp/mcuxpressoide_10.2.1_795/ide/tools/bin/../lib/gcc/arm-none-eabi/7.2.1/../../../../arm-none-eabi/lib/thumb/v6-m\libcr_c.a(fflush.o)
 .comment       0x0000007e       0x7f c:/nxp/mcuxpressoide_10.2.1_795/ide/tools/bin/../lib/gcc/arm-none-eabi/7.2.1/../../../../arm-none-eabi/lib/thumb/v6-m\libcr_c.a(fseek.o)
 .comment       0x0000007e       0x7f c:/nxp/mcuxpressoide_10.2.1_795/ide/tools/bin/../lib/gcc/arm-none-eabi/7.2.1/../../../../arm-none-eabi/lib/thumb/v6-m\libcr_c.a(ftell.o)
 .comment       0x0000007e       0x7f c:/nxp/mcuxpressoide_10.2.1_795/ide/tools/bin/../lib/gcc/arm-none-eabi/7.2.1/../../../../arm-none-eabi/lib/thumb/v6-m\libcr_c.a(remove.o)
 .comment       0x0000007e       0x7f c:/nxp/mcuxpressoide_10.2.1_795/ide/tools/bin/../lib/gcc/arm-none-eabi/7.2.1/../../../../arm-none-eabi/lib/thumb/v6-m\libcr_c.a(_do_fflush.o)
 .comment       0x0000007e       0x7f c:/nxp/mcuxpressoide_10.2.1_795/ide/tools/bin/../lib/gcc/arm-none-eabi/7.2.1/../../../../arm-none-eabi/lib/thumb/v6-m\libcr_c.a(_fflush.o)
 .comment       0x0000007e       0x7f c:/nxp/mcuxpressoide_10.2.1_795/ide/tools/bin/../lib/gcc/arm-none-eabi/7.2.1/../../../../arm-none-eabi/lib/thumb/v6-m\libcr_c.a(_writebuf.o)
 .comment       0x0000007e       0x7f c:/nxp/mcuxpressoide_10.2.1_795/ide/tools/bin/../lib/gcc/arm-none-eabi/7.2.1/../../../../arm-none-eabi/lib/thumb/v6-m\libcr_c.a(alloc.o)
 .comment       0x0000007e       0x7f c:/nxp/mcuxpressoide_10.2.1_795/ide/tools/bin/../lib/gcc/arm-none-eabi/7.2.1/../../../../arm-none-eabi/lib/thumb/v6-m\libcr_c.a(errno.o)
 .comment       0x0000007e       0x7f c:/nxp/mcuxpressoide_10.2.1_795/ide/tools/bin/../lib/gcc/arm-none-eabi/7.2.1/../../../../arm-none-eabi/lib/thumb/v6-m\libcr_c.a(_deferredlazyseek.o)
 .comment       0x0000007e       0x7f c:/nxp/mcuxpressoide_10.2.1_795/ide/tools/bin/../lib/gcc/arm-none-eabi/7.2.1/../../../../arm-none-eabi/lib/thumb/v6-m\libcr_semihost.a(__ciob.o)

.ARM.attributes
                0x00000000       0x30
 .ARM.attributes
                0x00000000       0x32 ./src/crp.o
 .ARM.attributes
                0x00000032       0x32 ./src/main.o
 .ARM.attributes
                0x00000064       0x32 C:\Users\jesmith\Documents\GitHub\nfc-soak-test\nhs3152\sdk\release_mra2_12_5_nhs3152\sw\nss\lib_board_dp\Debug\liblib_board_dp.a(board.o)
 .ARM.attributes
                0x00000096       0x32 C:\Users\jesmith\Documents\GitHub\nfc-soak-test\nhs3152\sdk\release_mra2_12_5_nhs3152\sw\nss\lib_board_dp\Debug\liblib_board_dp.a(led.o)
 .ARM.attributes
                0x000000c8       0x32 C:\Users\jesmith\Documents\GitHub\nfc-soak-test\nhs3152\sdk\release_mra2_12_5_nhs3152\sw\nss\lib_chip_nss\Debug\liblib_chip_nss.a(clock_nss.o)
 .ARM.attributes
                0x000000fa       0x32 C:\Users\jesmith\Documents\GitHub\nfc-soak-test\nhs3152\sdk\release_mra2_12_5_nhs3152\sw\nss\lib_chip_nss\Debug\liblib_chip_nss.a(eeprom_nss.o)
 .ARM.attributes
                0x0000012c       0x32 C:\Users\jesmith\Documents\GitHub\nfc-soak-test\nhs3152\sdk\release_mra2_12_5_nhs3152\sw\nss\lib_chip_nss\Debug\liblib_chip_nss.a(gpio_nss.o)
 .ARM.attributes
                0x0000015e       0x32 C:\Users\jesmith\Documents\GitHub\nfc-soak-test\nhs3152\sdk\release_mra2_12_5_nhs3152\sw\nss\lib_chip_nss\Debug\liblib_chip_nss.a(iocon_nss.o)
 .ARM.attributes
                0x00000190       0x32 C:\Users\jesmith\Documents\GitHub\nfc-soak-test\nhs3152\sdk\release_mra2_12_5_nhs3152\sw\nss\lib_chip_nss\Debug\liblib_chip_nss.a(nfc_nss.o)
 .ARM.attributes
                0x000001c2       0x32 C:\Users\jesmith\Documents\GitHub\nfc-soak-test\nhs3152\sdk\release_mra2_12_5_nhs3152\sw\nss\lib_chip_nss\Debug\liblib_chip_nss.a(rtc_nss.o)
 .ARM.attributes
                0x000001f4       0x32 C:\Users\jesmith\Documents\GitHub\nfc-soak-test\nhs3152\sdk\release_mra2_12_5_nhs3152\sw\nss\lib_chip_nss\Debug\liblib_chip_nss.a(syscon_nss.o)
 .ARM.attributes
                0x00000226       0x32 C:\Users\jesmith\Documents\GitHub\nfc-soak-test\nhs3152\sdk\release_mra2_12_5_nhs3152\sw\nss\lib_chip_nss\Debug\liblib_chip_nss.a(startup.o)
 .ARM.attributes
                0x00000258       0x31 c:/nxp/mcuxpressoide_10.2.1_795/ide/tools/bin/../lib/gcc/arm-none-eabi/7.2.1/../../../../arm-none-eabi/lib/thumb/v6-m\libcr_semihost.a(_cr__main.o)
 .ARM.attributes
                0x00000289       0x31 c:/nxp/mcuxpressoide_10.2.1_795/ide/tools/bin/../lib/gcc/arm-none-eabi/7.2.1/../../../../arm-none-eabi/lib/thumb/v6-m\libcr_c.a(memcpy.o)
 .ARM.attributes
                0x000002ba       0x31 c:/nxp/mcuxpressoide_10.2.1_795/ide/tools/bin/../lib/gcc/arm-none-eabi/7.2.1/../../../../arm-none-eabi/lib/thumb/v6-m\libcr_c.a(memset.o)
 .ARM.attributes
                0x000002eb       0x31 c:/nxp/mcuxpressoide_10.2.1_795/ide/tools/bin/../lib/gcc/arm-none-eabi/7.2.1/../../../../arm-none-eabi/lib/thumb/v6-m\libcr_c.a(initio.o)
 .ARM.attributes
                0x0000031c       0x31 c:/nxp/mcuxpressoide_10.2.1_795/ide/tools/bin/../lib/gcc/arm-none-eabi/7.2.1/../../../../arm-none-eabi/lib/thumb/v6-m\libcr_c.a(setvbuf.o)
 .ARM.attributes
                0x0000034d       0x31 c:/nxp/mcuxpressoide_10.2.1_795/ide/tools/bin/../lib/gcc/arm-none-eabi/7.2.1/../../../../arm-none-eabi/lib/thumb/v6-m\libcr_c.a(strlen.o)
 .ARM.attributes
                0x0000037e       0x31 c:/nxp/mcuxpressoide_10.2.1_795/ide/tools/bin/../lib/gcc/arm-none-eabi/7.2.1/../../../../arm-none-eabi/lib/thumb/v6-m\libcr_c.a(_fdopen.o)
 .ARM.attributes
                0x000003af       0x31 c:/nxp/mcuxpressoide_10.2.1_795/ide/tools/bin/../lib/gcc/arm-none-eabi/7.2.1/../../../../arm-none-eabi/lib/thumb/v6-m\libcr_c.a(fclose.o)
 .ARM.attributes
                0x000003e0       0x31 c:/nxp/mcuxpressoide_10.2.1_795/ide/tools/bin/../lib/gcc/arm-none-eabi/7.2.1/../../../../arm-none-eabi/lib/thumb/v6-m\libcr_c.a(fflush.o)
 .ARM.attributes
                0x00000411       0x31 c:/nxp/mcuxpressoide_10.2.1_795/ide/tools/bin/../lib/gcc/arm-none-eabi/7.2.1/../../../../arm-none-eabi/lib/thumb/v6-m\libcr_c.a(fseek.o)
 .ARM.attributes
                0x00000442       0x31 c:/nxp/mcuxpressoide_10.2.1_795/ide/tools/bin/../lib/gcc/arm-none-eabi/7.2.1/../../../../arm-none-eabi/lib/thumb/v6-m\libcr_c.a(ftell.o)
 .ARM.attributes
                0x00000473       0x31 c:/nxp/mcuxpressoide_10.2.1_795/ide/tools/bin/../lib/gcc/arm-none-eabi/7.2.1/../../../../arm-none-eabi/lib/thumb/v6-m\libcr_c.a(remove.o)
 .ARM.attributes
                0x000004a4       0x31 c:/nxp/mcuxpressoide_10.2.1_795/ide/tools/bin/../lib/gcc/arm-none-eabi/7.2.1/../../../../arm-none-eabi/lib/thumb/v6-m\libcr_c.a(_do_fflush.o)
 .ARM.attributes
                0x000004d5       0x31 c:/nxp/mcuxpressoide_10.2.1_795/ide/tools/bin/../lib/gcc/arm-none-eabi/7.2.1/../../../../arm-none-eabi/lib/thumb/v6-m\libcr_c.a(_fflush.o)
 .ARM.attributes
                0x00000506       0x31 c:/nxp/mcuxpressoide_10.2.1_795/ide/tools/bin/../lib/gcc/arm-none-eabi/7.2.1/../../../../arm-none-eabi/lib/thumb/v6-m\libcr_c.a(_writebuf.o)
 .ARM.attributes
                0x00000537       0x31 c:/nxp/mcuxpressoide_10.2.1_795/ide/tools/bin/../lib/gcc/arm-none-eabi/7.2.1/../../../../arm-none-eabi/lib/thumb/v6-m\libcr_c.a(alloc.o)
 .ARM.attributes
                0x00000568       0x31 c:/nxp/mcuxpressoide_10.2.1_795/ide/tools/bin/../lib/gcc/arm-none-eabi/7.2.1/../../../../arm-none-eabi/lib/thumb/v6-m\libcr_c.a(errno.o)
 .ARM.attributes
                0x00000599       0x31 c:/nxp/mcuxpressoide_10.2.1_795/ide/tools/bin/../lib/gcc/arm-none-eabi/7.2.1/../../../../arm-none-eabi/lib/thumb/v6-m\libcr_c.a(_deferredlazyseek.o)
 .ARM.attributes
                0x000005ca       0x21 c:/nxp/mcuxpressoide_10.2.1_795/ide/tools/bin/../lib/gcc/arm-none-eabi/7.2.1/thumb/v6-m\libcr_eabihelpers.a(division_32.o)
 .ARM.attributes
                0x000005eb       0x21 c:/nxp/mcuxpressoide_10.2.1_795/ide/tools/bin/../lib/gcc/arm-none-eabi/7.2.1/thumb/v6-m\libcr_eabihelpers.a(division_idiv0.o)
 .ARM.attributes
                0x0000060c       0x21 c:/nxp/mcuxpressoide_10.2.1_795/ide/tools/bin/../lib/gcc/arm-none-eabi/7.2.1/thumb/v6-m\libcr_eabihelpers.a(memcpy.o)
 .ARM.attributes
                0x0000062d       0x31 c:/nxp/mcuxpressoide_10.2.1_795/ide/tools/bin/../lib/gcc/arm-none-eabi/7.2.1/../../../../arm-none-eabi/lib/thumb/v6-m\libcr_semihost.a(__ciob.o)
 .ARM.attributes
                0x0000065e       0x21 c:/nxp/mcuxpressoide_10.2.1_795/ide/tools/bin/../lib/gcc/arm-none-eabi/7.2.1/../../../../arm-none-eabi/lib/thumb/v6-m\libcr_semihost.a(__sys_close.o)
 .ARM.attributes
                0x0000067f       0x21 c:/nxp/mcuxpressoide_10.2.1_795/ide/tools/bin/../lib/gcc/arm-none-eabi/7.2.1/../../../../arm-none-eabi/lib/thumb/v6-m\libcr_semihost.a(__sys_flen.o)
 .ARM.attributes
                0x000006a0       0x21 c:/nxp/mcuxpressoide_10.2.1_795/ide/tools/bin/../lib/gcc/arm-none-eabi/7.2.1/../../../../arm-none-eabi/lib/thumb/v6-m\libcr_semihost.a(__sys_istty.o)
 .ARM.attributes
                0x000006c1       0x21 c:/nxp/mcuxpressoide_10.2.1_795/ide/tools/bin/../lib/gcc/arm-none-eabi/7.2.1/../../../../arm-none-eabi/lib/thumb/v6-m\libcr_semihost.a(__sys_remove.o)
 .ARM.attributes
                0x000006e2       0x21 c:/nxp/mcuxpressoide_10.2.1_795/ide/tools/bin/../lib/gcc/arm-none-eabi/7.2.1/../../../../arm-none-eabi/lib/thumb/v6-m\libcr_semihost.a(__sys_seek.o)
 .ARM.attributes
                0x00000703       0x21 c:/nxp/mcuxpressoide_10.2.1_795/ide/tools/bin/../lib/gcc/arm-none-eabi/7.2.1/../../../../arm-none-eabi/lib/thumb/v6-m\libcr_semihost.a(__sys_tmpnam.o)
 .ARM.attributes
                0x00000724       0x21 c:/nxp/mcuxpressoide_10.2.1_795/ide/tools/bin/../lib/gcc/arm-none-eabi/7.2.1/../../../../arm-none-eabi/lib/thumb/v6-m\libcr_semihost.a(__sys_write.o)

.debug_loc      0x00000000     0x1bd1
 .debug_loc     0x00000000       0xd7 ./src/main.o
 .debug_loc     0x000000d7      0x25e C:\Users\jesmith\Documents\GitHub\nfc-soak-test\nhs3152\sdk\release_mra2_12_5_nhs3152\sw\nss\lib_board_dp\Debug\liblib_board_dp.a(led.o)
 .debug_loc     0x00000335      0x34b C:\Users\jesmith\Documents\GitHub\nfc-soak-test\nhs3152\sdk\release_mra2_12_5_nhs3152\sw\nss\lib_chip_nss\Debug\liblib_chip_nss.a(clock_nss.o)
 .debug_loc     0x00000680      0x4c4 C:\Users\jesmith\Documents\GitHub\nfc-soak-test\nhs3152\sdk\release_mra2_12_5_nhs3152\sw\nss\lib_chip_nss\Debug\liblib_chip_nss.a(eeprom_nss.o)
 .debug_loc     0x00000b44      0x520 C:\Users\jesmith\Documents\GitHub\nfc-soak-test\nhs3152\sdk\release_mra2_12_5_nhs3152\sw\nss\lib_chip_nss\Debug\liblib_chip_nss.a(gpio_nss.o)
 .debug_loc     0x00001064      0x1c6 C:\Users\jesmith\Documents\GitHub\nfc-soak-test\nhs3152\sdk\release_mra2_12_5_nhs3152\sw\nss\lib_chip_nss\Debug\liblib_chip_nss.a(iocon_nss.o)
 .debug_loc     0x0000122a      0x29e C:\Users\jesmith\Documents\GitHub\nfc-soak-test\nhs3152\sdk\release_mra2_12_5_nhs3152\sw\nss\lib_chip_nss\Debug\liblib_chip_nss.a(nfc_nss.o)
 .debug_loc     0x000014c8      0x3b6 C:\Users\jesmith\Documents\GitHub\nfc-soak-test\nhs3152\sdk\release_mra2_12_5_nhs3152\sw\nss\lib_chip_nss\Debug\liblib_chip_nss.a(rtc_nss.o)
 .debug_loc     0x0000187e      0x187 C:\Users\jesmith\Documents\GitHub\nfc-soak-test\nhs3152\sdk\release_mra2_12_5_nhs3152\sw\nss\lib_chip_nss\Debug\liblib_chip_nss.a(syscon_nss.o)
 .debug_loc     0x00001a05      0x1cc C:\Users\jesmith\Documents\GitHub\nfc-soak-test\nhs3152\sdk\release_mra2_12_5_nhs3152\sw\nss\lib_chip_nss\Debug\liblib_chip_nss.a(startup.o)

.debug_ranges   0x00000000      0x430
 .debug_ranges  0x00000000       0x40 ./src/main.o
 .debug_ranges  0x00000040       0x10 C:\Users\jesmith\Documents\GitHub\nfc-soak-test\nhs3152\sdk\release_mra2_12_5_nhs3152\sw\nss\lib_board_dp\Debug\liblib_board_dp.a(board.o)
 .debug_ranges  0x00000050       0x88 C:\Users\jesmith\Documents\GitHub\nfc-soak-test\nhs3152\sdk\release_mra2_12_5_nhs3152\sw\nss\lib_board_dp\Debug\liblib_board_dp.a(led.o)
 .debug_ranges  0x000000d8       0xb8 C:\Users\jesmith\Documents\GitHub\nfc-soak-test\nhs3152\sdk\release_mra2_12_5_nhs3152\sw\nss\lib_chip_nss\Debug\liblib_chip_nss.a(clock_nss.o)
 .debug_ranges  0x00000190       0x78 C:\Users\jesmith\Documents\GitHub\nfc-soak-test\nhs3152\sdk\release_mra2_12_5_nhs3152\sw\nss\lib_chip_nss\Debug\liblib_chip_nss.a(eeprom_nss.o)
 .debug_ranges  0x00000208       0x30 C:\Users\jesmith\Documents\GitHub\nfc-soak-test\nhs3152\sdk\release_mra2_12_5_nhs3152\sw\nss\lib_chip_nss\Debug\liblib_chip_nss.a(gpio_nss.o)
 .debug_ranges  0x00000238       0x48 C:\Users\jesmith\Documents\GitHub\nfc-soak-test\nhs3152\sdk\release_mra2_12_5_nhs3152\sw\nss\lib_chip_nss\Debug\liblib_chip_nss.a(iocon_nss.o)
 .debug_ranges  0x00000280       0x68 C:\Users\jesmith\Documents\GitHub\nfc-soak-test\nhs3152\sdk\release_mra2_12_5_nhs3152\sw\nss\lib_chip_nss\Debug\liblib_chip_nss.a(nfc_nss.o)
 .debug_ranges  0x000002e8       0x88 C:\Users\jesmith\Documents\GitHub\nfc-soak-test\nhs3152\sdk\release_mra2_12_5_nhs3152\sw\nss\lib_chip_nss\Debug\liblib_chip_nss.a(rtc_nss.o)
 .debug_ranges  0x00000370       0x90 C:\Users\jesmith\Documents\GitHub\nfc-soak-test\nhs3152\sdk\release_mra2_12_5_nhs3152\sw\nss\lib_chip_nss\Debug\liblib_chip_nss.a(syscon_nss.o)
 .debug_ranges  0x00000400       0x30 C:\Users\jesmith\Documents\GitHub\nfc-soak-test\nhs3152\sdk\release_mra2_12_5_nhs3152\sw\nss\lib_chip_nss\Debug\liblib_chip_nss.a(startup.o)

.debug_frame    0x00000000      0x9b4
 .debug_frame   0x00000000       0xb8 ./src/main.o
 .debug_frame   0x000000b8       0x28 C:\Users\jesmith\Documents\GitHub\nfc-soak-test\nhs3152\sdk\release_mra2_12_5_nhs3152\sw\nss\lib_board_dp\Debug\liblib_board_dp.a(board.o)
 .debug_frame   0x000000e0       0xb0 C:\Users\jesmith\Documents\GitHub\nfc-soak-test\nhs3152\sdk\release_mra2_12_5_nhs3152\sw\nss\lib_board_dp\Debug\liblib_board_dp.a(led.o)
 .debug_frame   0x00000190      0x1c8 C:\Users\jesmith\Documents\GitHub\nfc-soak-test\nhs3152\sdk\release_mra2_12_5_nhs3152\sw\nss\lib_chip_nss\Debug\liblib_chip_nss.a(clock_nss.o)
 .debug_frame   0x00000358       0xdc C:\Users\jesmith\Documents\GitHub\nfc-soak-test\nhs3152\sdk\release_mra2_12_5_nhs3152\sw\nss\lib_chip_nss\Debug\liblib_chip_nss.a(eeprom_nss.o)
 .debug_frame   0x00000434       0x88 C:\Users\jesmith\Documents\GitHub\nfc-soak-test\nhs3152\sdk\release_mra2_12_5_nhs3152\sw\nss\lib_chip_nss\Debug\liblib_chip_nss.a(gpio_nss.o)
 .debug_frame   0x000004bc       0xac C:\Users\jesmith\Documents\GitHub\nfc-soak-test\nhs3152\sdk\release_mra2_12_5_nhs3152\sw\nss\lib_chip_nss\Debug\liblib_chip_nss.a(iocon_nss.o)
 .debug_frame   0x00000568      0x10c C:\Users\jesmith\Documents\GitHub\nfc-soak-test\nhs3152\sdk\release_mra2_12_5_nhs3152\sw\nss\lib_chip_nss\Debug\liblib_chip_nss.a(nfc_nss.o)
 .debug_frame   0x00000674      0x198 C:\Users\jesmith\Documents\GitHub\nfc-soak-test\nhs3152\sdk\release_mra2_12_5_nhs3152\sw\nss\lib_chip_nss\Debug\liblib_chip_nss.a(rtc_nss.o)
 .debug_frame   0x0000080c      0x130 C:\Users\jesmith\Documents\GitHub\nfc-soak-test\nhs3152\sdk\release_mra2_12_5_nhs3152\sw\nss\lib_chip_nss\Debug\liblib_chip_nss.a(syscon_nss.o)
 .debug_frame   0x0000093c       0x78 C:\Users\jesmith\Documents\GitHub\nfc-soak-test\nhs3152\sdk\release_mra2_12_5_nhs3152\sw\nss\lib_chip_nss\Debug\liblib_chip_nss.a(startup.o)
